// Jest Snapshot v1, https://goo.gl/fbAQLP

exports[`pruebas en Contact debe mostrar <Contact/> correctamente 1`] = `
<Row>
  <Col
    push={14}
    span={18}
  >
    <ForwardRef(InternalForm)
      className="login-form"
      form={
        Object {
          "__INTERNAL__": Object {
            "itemRef": [Function],
          },
          "getFieldError": [Function],
          "getFieldInstance": [Function],
          "getFieldValue": [Function],
          "getFieldsError": [Function],
          "getFieldsValue": [Function],
          "getInternalHooks": [Function],
          "isFieldTouched": [Function],
          "isFieldValidating": [Function],
          "isFieldsTouched": [Function],
          "isFieldsValidating": [Function],
          "resetFields": [Function],
          "scrollToField": [Function],
          "setFields": [Function],
          "setFieldsValue": [Function],
          "submit": [Function],
          "validateFields": [Function],
        }
      }
      name="contact"
      onFinish={[Function]}
      scrollToFirstError={true}
    >
      <FormItem
        name="email"
        rules={
          Array [
            Object {
              "message": "La entrada no es válida",
              "type": "email",
            },
            Object {
              "message": "Favor ingresar correo",
              "required": true,
            },
          ]
        }
      >
        <Input
          placeholder="Correo Electrónico"
          type="text"
        />
      </FormItem>
      <FormItem
        name="nombre_social"
        rules={
          Array [
            Object {
              "message": "Favor ingresar Nombre",
              "required": true,
            },
          ]
        }
      >
        <Input
          placeholder="nombre social"
          type="text"
        />
      </FormItem>
      <FormItem
        name="asunto"
        rules={
          Array [
            Object {
              "message": "Favor ingresar Asunto",
              "required": true,
            },
          ]
        }
      >
        <TextArea
          placeholder="asunto"
        />
      </FormItem>
      <FormItem>
        <Button
          block={false}
          className="login-form-button"
          ghost={false}
          htmlType="submit"
          loading={false}
          type="primary"
        >
          Enviar
        </Button>
      </FormItem>
    </ForwardRef(InternalForm)>
  </Col>
  <Col
    pull={18}
    span={6}
  >
    <ul>
      <li>
        Oficina: 
      </li>
      <li>
        DIrección: 
      </li>
      <li>
        Teléfono: 
      </li>
    </ul>
  </Col>
</Row>
`;
