// Jest Snapshot v1, https://goo.gl/fbAQLP

exports[`pruebas del <layoutbasic/>  debe mostrar <LayoutBasic/> correctamente 1`] = `
<Layout>
  <Header
    style={
      Object {
        "position": "fixed",
        "width": "100%",
        "zIndex": 1,
      }
    }
  >
    <div
      className="logo"
    />
    <Menu
      defaultSelectedKeys={
        Array [
          "2",
        ]
      }
      mode="horizontal"
      theme="dark"
    >
      <MenuItem
        key="1"
      >
        nav 1
      </MenuItem>
      <MenuItem
        key="2"
      >
        nav 2
      </MenuItem>
      <MenuItem
        key="3"
      >
        nav 3
      </MenuItem>
    </Menu>
  </Header>
  <Content
    className="site-layout"
    style={
      Object {
        "marginTop": 64,
        "padding": "0 50px",
      }
    }
  >
    <div
      className="site-layout-background"
      style={
        Object {
          "minHeight": 380,
          "padding": 24,
        }
      }
    >
      <LoadRoutes />
    </div>
  </Content>
  <Footer
    style={
      Object {
        "textAlign": "center",
      }
    }
  >
    Ant Design Â©2018 Created by Ant UED
  </Footer>
</Layout>
`;

exports[`pruebas del <layoutbasic/> debe mostrar <LayoutBasic/> correctamente 1`] = `
<ContextConsumer>
  <Component />
</ContextConsumer>
`;
