// Jest Snapshot v1, https://goo.gl/fbAQLP

exports[`Pruebas de <Error404/> debe mostrar <Error404/> correctamente 1`] = `
<h1>
  Error 404 not found...
</h1>
`;
